src/ui/modals/event_modal.ts(71,9): error TS2769: No overload matches this call.
  The last overload gave the following error.
    Type '{ id: string; type: "google" | "outlook" | "local" | "dailynote" | "ical" | "caldav" | "tasks" | "tasknotes" | "bases" | "FOR_TEST_ONLY"; name: string | undefined; }[]' is not assignable to type '{ id: string; name: string; type: "google" | "outlook" | "local" | "dailynote" | "ical" | "caldav" | "tasks" | "tasknotes" | "bases" | "FOR_TEST_ONLY"; }[]'.
      Type '{ id: string; type: "google" | "outlook" | "local" | "dailynote" | "ical" | "caldav" | "tasks" | "tasknotes" | "bases" | "FOR_TEST_ONLY"; name: string | undefined; }' is not assignable to type '{ id: string; name: string; type: "google" | "outlook" | "local" | "dailynote" | "ical" | "caldav" | "tasks" | "tasknotes" | "bases" | "FOR_TEST_ONLY"; }'.
        Types of property 'name' are incompatible.
          Type 'string | undefined' is not assignable to type 'string'.
            Type 'undefined' is not assignable to type 'string'.
src/ui/modals/event_modal.ts(162,9): error TS2769: No overload matches this call.
  The last overload gave the following error.
    Type '{ id: string; type: "google" | "outlook" | "local" | "dailynote" | "ical" | "caldav" | "tasks" | "tasknotes" | "bases" | "FOR_TEST_ONLY"; name: string | undefined; }[]' is not assignable to type '{ id: string; name: string; type: "google" | "outlook" | "local" | "dailynote" | "ical" | "caldav" | "tasks" | "tasknotes" | "bases" | "FOR_TEST_ONLY"; }[]'.
      Type '{ id: string; type: "google" | "outlook" | "local" | "dailynote" | "ical" | "caldav" | "tasks" | "tasknotes" | "bases" | "FOR_TEST_ONLY"; name: string | undefined; }' is not assignable to type '{ id: string; name: string; type: "google" | "outlook" | "local" | "dailynote" | "ical" | "caldav" | "tasks" | "tasknotes" | "bases" | "FOR_TEST_ONLY"; }'.
        Types of property 'name' are incompatible.
          Type 'string | undefined' is not assignable to type 'string'.
            Type 'undefined' is not assignable to type 'string'.
